Resolving dependencies...
Downloading packages...
  _fe_analyzer_shared 99.0.0 (101.0.0 available)
  analyzer 12.1.0 (13.1.0 available)
  cli_util 0.4.2 (0.5.1 available)
  code_assets 1.1.0 (1.2.1 available)
  dart_style 3.1.8 (3.1.9 available)
  firebase_auth 6.5.1 (6.5.2 available)
  firebase_auth_platform_interface 9.0.1 (9.0.2 available)
  firebase_auth_web 6.2.1 (6.2.2 available)
  go_router 17.2.3 (17.3.0 available)
  google_sign_in 6.3.0 (7.2.0 available)
  google_sign_in_android 6.2.1 (7.2.13 available)
  google_sign_in_ios 5.9.0 (6.3.0 available)
  google_sign_in_platform_interface 2.5.0 (3.1.0 available)
  google_sign_in_web 0.12.4+4 (1.1.3 available)
  hooks 2.0.0 (2.0.2 available)
  image 4.8.0 (4.9.1 available)
  matcher 0.12.19 (0.12.20 available)
  meta 1.18.0 (1.18.3 available)
  mockito 5.6.4 (5.7.0 available)
  riverpod_generator 4.0.4-dev.1 (4.0.4-dev.3 available)
  shared_preferences_android 2.4.23 (2.4.25 available)
  sqflite 2.4.2+1 (2.4.3 available)
  sqflite_android 2.4.2+3 (2.4.3 available)
  sqflite_common 2.5.8 (2.5.9 available)
  sqflite_darwin 2.4.2 (2.4.3 available)
  sqflite_platform_interface 2.4.0 (2.4.1 available)
  synchronized 3.4.0+1 (3.4.1 available)
  test 1.31.0 (1.31.1 available)
  test_api 0.7.11 (0.7.12 available)
  test_core 0.6.17 (0.6.18 available)
  url_launcher_android 6.3.30 (6.3.32 available)
  vector_graphics_compiler 1.2.3 (1.2.5 available)
  vector_math 2.2.0 (2.4.0 available)
  xml 6.6.1 (7.0.1 available)
Got dependencies!
34 packages have newer versions incompatible with dependency constraints.
Try `flutter pub outdated` for more information.
